../Drivers/STM32WBxx_HAL_Driver/Inc/stm32wbxx_ll_pwr.h:1663:22:LL_C2_PWR_SetPowerMode	16	static
../Drivers/STM32WBxx_HAL_Driver/Inc/stm32wbxx_ll_exti.h:391:22:LL_EXTI_EnableIT_32_63	16	static
../Drivers/STM32WBxx_HAL_Driver/Inc/stm32wbxx_ll_rcc.h:1359:22:LL_RCC_HSE_SetCapacitorTuning	16	static
../Drivers/STM32WBxx_HAL_Driver/Inc/stm32wbxx_ll_rcc.h:2349:22:LL_RCC_SetClkAfterWakeFromStop	16	static
../Drivers/STM32WBxx_HAL_Driver/Inc/stm32wbxx_ll_system.h:1513:26:LL_DBGMCU_GetDeviceID	4	static
../Drivers/STM32WBxx_HAL_Driver/Inc/stm32wbxx_ll_system.h:1524:26:LL_DBGMCU_GetRevisionID	4	static
../Drivers/STM32WBxx_HAL_Driver/Inc/stm32wbxx_ll_cortex.h:311:22:LL_LPM_EnableSleep	4	static
../Drivers/STM32WBxx_HAL_Driver/Inc/stm32wbxx_ll_rtc.h:1031:22:LL_RTC_EnableWriteProtection	16	static
../Drivers/STM32WBxx_HAL_Driver/Inc/stm32wbxx_ll_rtc.h:1042:22:LL_RTC_DisableWriteProtection	16	static
../Drivers/STM32WBxx_HAL_Driver/Inc/stm32wbxx_ll_rtc.h:3006:22:LL_RTC_WAKEUP_SetClock	16	static
../Core/Src/app_entry.c:95:6:MX_APPE_Config	8	static
../Core/Src/app_entry.c:115:6:MX_APPE_Init	8	static
../Core/Src/app_entry.c:141:6:Init_Smps	4	static
../Core/Src/app_entry.c:159:6:Init_Exti	8	static
../Core/Src/app_entry.c:176:13:Reset_Device	4	static
../Core/Src/app_entry.c:245:13:Config_HSE	16	static
../Core/Src/app_entry.c:261:13:System_Init	8	static
../Core/Src/app_entry.c:272:13:Init_Rtc	8	static
../Core/Src/app_entry.c:293:13:SystemPower_Config	8	static
../Core/Src/app_entry.c:315:13:appe_Tl_Init	40	static
../Core/Src/app_entry.c:340:13:APPE_SysStatusNot	16	static
../Core/Src/app_entry.c:355:13:APPE_SysUserEvtRx	40	static
../Core/Src/app_entry.c:418:13:APPE_SysEvtError	24	static
../Core/Src/app_entry.c:440:13:APPE_SysEvtReadyProcessing	48	static
../Core/Src/app_entry.c:521:6:HAL_Delay	24	static,ignoring_inline_asm
../Core/Src/app_entry.c:550:6:MX_APPE_Process	8	static
../Core/Src/app_entry.c:561:6:UTIL_SEQ_Idle	4	static
../Core/Src/app_entry.c:576:6:UTIL_SEQ_EvtIdle	16	static
../Core/Src/app_entry.c:582:6:shci_notify_asynch_evt	16	static
../Core/Src/app_entry.c:588:6:shci_cmd_resp_release	16	static
../Core/Src/app_entry.c:594:6:shci_cmd_resp_wait	16	static
../Core/Src/app_entry.c:601:13:RxUART_Init	8	static
../Core/Src/app_entry.c:606:13:RxCpltCallback	8	static
